could not change directory to "/root": Permission denied
Output format is unaligned.
Output format is aligned.
 pg_sleep 
----------
 
(1 row)

SET
SET
SET
                                                          QUERY PLAN                                                          
------------------------------------------------------------------------------------------------------------------------------
 Aggregate (actual time=21968.516..21968.517 rows=1 loops=1)
   Buffers: shared hit=1451624, temp read=69000 written=69400
   ->  Nested Loop (actual time=124.028..21966.780 rows=2000 loops=1)
         Buffers: shared hit=1451624, temp read=69000 written=69400
         ->  Seq Scan on profile_queries q (actual time=0.014..0.408 rows=200 loops=1)
               Buffers: shared hit=15
         ->  Limit (actual time=109.775..109.823 rows=10 loops=200)
               Buffers: shared hit=1451609, temp read=69000 written=69400
               ->  Index Scan using profile_items_cos_idx on profile_items i (actual time=109.771..109.816 rows=10 loops=200)
                     Order By: (embedding <=> q.embedding)
                     Buffers: shared hit=1451609, temp read=69000 written=69400
 Planning:
   Buffers: shared hit=150
 Planning Time: 3.894 ms
 Query Memory: execution query_mem 5MB
 Execution Time: 21969.784 ms
(16 rows)

