LOAD
SET
SET
SET
SET
SET
SET
                                                         QUERY PLAN                                                         
----------------------------------------------------------------------------------------------------------------------------
 Aggregate (actual time=18223.068..18223.069 rows=1 loops=1)
   Buffers: shared hit=1451624, temp read=69000 written=69400
   ->  Nested Loop (actual time=102.825..18222.273 rows=2000 loops=1)
         Buffers: shared hit=1451624, temp read=69000 written=69400
         ->  Seq Scan on profile_queries q (actual time=0.011..0.448 rows=200 loops=1)
               Buffers: shared hit=15
         ->  Limit (actual time=91.056..91.100 rows=10 loops=200)
               Buffers: shared hit=1451609, temp read=69000 written=69400
               ->  Index Scan using profile_items_cos_idx on profile_items i (actual time=91.053..91.094 rows=10 loops=200)
                     Order By: (embedding <=> q.embedding)
                     Buffers: shared hit=1451609, temp read=69000 written=69400
 Planning:
   Buffers: shared hit=132
 Planning Time: 0.773 ms
 Query Memory: execution query_mem 5MB
 Execution Time: 18224.334 ms
(16 rows)

